// Jest Snapshot v1, https://goo.gl/fbAQLP

exports[`Profile component renders without crashing 1`] = `
<Fragment>
  <Loader />
</Fragment>
`;
