// Jest Snapshot v1, https://goo.gl/fbAQLP

exports[`AppNav component renders without crashing 1`] = `
<Fragment>
  <Menu
    bodyClassName=""
    burgerBarClassName=""
    burgerButtonClassName=""
    className=""
    crossButtonClassName=""
    crossClassName=""
    disableAutoFocus={false}
    disableCloseOnEsc={false}
    htmlClassName=""
    id=""
    itemClassName=""
    itemListClassName=""
    menuClassName=""
    morphShapeClassName=""
    noOverlay={false}
    onStateChange={[Function]}
    outerContainerId=""
    overlayClassName=""
    pageWrapId=""
    role="navigation"
    styles={Object {}}
    width={300}
  >
    <Link
      className="menu-item"
      to="/posts"
    >
      Home
    </Link>
    <Link
      className="menu-item"
      to="/addPost"
    >
      Create a Post
    </Link>
    <Link
      className="menu-item"
      to="/profile"
    >
      Profile
    </Link>
    <Link
      to="/"
    >
      Log Out
    </Link>
  </Menu>
</Fragment>
`;
