// Jest Snapshot v1, https://goo.gl/fbAQLP

exports[`UpdateMyPost component renders without crashing 1`] = `
<section>
  <div
    className="modal-wrapper"
    style={
      Object {
        "opacity": "0",
        "transform": "translateY(-100vh)",
      }
    }
  >
    <div
      className="modal-header"
    >
      <h3>
        Update Post
      </h3>
    </div>
    <div
      className="modal-body"
    >
      <form
        className="update-form"
      >
        <div
          className="grid-container"
        >
          <label
            htmlFor="post_title"
          >
            Post Title
          </label>
          <input
            defaultValue="I might relapse!"
            id="post_title"
            name="post_title"
            required={true}
            type="text"
          />
        </div>
        <div
          className="grid-container"
        >
          <label
            htmlFor="post_content"
          >
            Content
          </label>
          <textarea
            defaultValue="I am having a terrible day! Nothing is going right and I feel like I am going to relapse."
            id="post_content"
            name="post_content"
            required={true}
            rows="15"
            type="text"
          />
        </div>
        <div
          className="modal-footer"
        >
          <button
            className="btn-cancel"
          >
            CLOSE
          </button>
          <button
            className="btn-continue"
            type="submit"
          >
            CONTINUE
          </button>
        </div>
      </form>
    </div>
  </div>
</section>
`;
