// Jest Snapshot v1, https://goo.gl/fbAQLP

exports[`Loader component renders without crashing 1`] = `
<object
  data="output.svg"
  type="image/svg+xml"
>
  Your browser does not support SVG
</object>
`;
