// Jest Snapshot v1, https://goo.gl/fbAQLP

exports[`LoginForm component renders without crashing 1`] = `
<section>
  <h3>
    Log In
  </h3>
  <form
    className="login-form"
  >
    <div
      className="grid-container"
    >
      <label
        htmlFor="email"
      >
        Email
      </label>
      <input
        id="email"
        name="email"
        required={true}
        type="email"
      />
    </div>
    <div
      className="grid-container"
    >
      <label
        htmlFor="password"
      >
        Password
      </label>
      <input
        id="password"
        name="password"
        required={true}
        type="password"
      />
    </div>
    <button
      className="btn-login"
      type="submit"
    >
      CONTINUE
    </button>
  </form>
</section>
`;
